[exprostudio.com/html/Finance/index.html]
[backblue.gif]
[fade.gif]
[index.html]
[exprostudio.com/html/Finance/apple-touch-icon.png]
[exprostudio.com/html/Finance/js/vendor/modernizr-2.8.3-respond-1.4.2.min.js]
[exprostudio.com/html/Finance/images/logo.png]
[exprostudio.com/html/Finance/index-v2.html]
[exprostudio.com/html/Finance/index-v3.html]
[exprostudio.com/html/Finance/aboutus.html]
[exprostudio.com/html/Finance/services.html]
[exprostudio.com/html/Finance/services-v2.html]
[exprostudio.com/html/Finance/projects.html]
[exprostudio.com/html/Finance/project-detail.html]
[exprostudio.com/html/Finance/team.html]
[exprostudio.com/html/Finance/team-detail.html]
[exprostudio.com/html/Finance/gallery.html]
[exprostudio.com/html/Finance/news-list.html]
[exprostudio.com/html/Finance/news-grid.html]
[exprostudio.com/html/Finance/news-detail.html]
[exprostudio.com/html/Finance/event-grid.html]
[exprostudio.com/html/Finance/event-detail.html]
[exprostudio.com/html/Finance/contactus.html]
[exprostudio.com/html/Finance/carrers.html]
[exprostudio.com/html/Finance/404.html]
[exprostudio.com/html/Finance/commingsoon.html]
[exprostudio.com/html/Finance/images/slider/img-01.jpg]
[exprostudio.com/html/Finance/images/img-01.jpg]
[exprostudio.com/html/Finance/images/team/img-01.jpg]
[exprostudio.com/html/Finance/images/team/img-02.jpg]
[exprostudio.com/html/Finance/images/team/img-03.jpg]
[exprostudio.com/html/Finance/images/team/img-04.jpg]
[exprostudio.com/html/Finance/images/projects/img-01.jpg]
[exprostudio.com/html/Finance/images/projects/img-02.jpg]
[exprostudio.com/html/Finance/images/projects/img-03.jpg]
[exprostudio.com/html/Finance/images/projects/img-04.jpg]
[exprostudio.com/html/Finance/images/projects/img-05.jpg]
[exprostudio.com/html/Finance/images/img-02.png]
[exprostudio.com/html/Finance/images/thumbs/img-01.jpg]
[exprostudio.com/html/Finance/images/thumbs/img-02.jpg]
[exprostudio.com/html/Finance/images/brands/img-01.png]
[exprostudio.com/html/Finance/images/brands/img-02.png]
[exprostudio.com/html/Finance/images/brands/img-03.png]
[exprostudio.com/html/Finance/images/brands/img-04.png]
[exprostudio.com/html/Finance/images/thumbs/img-03.jpg]
[exprostudio.com/html/Finance/images/thumbs/img-04.jpg]
[exprostudio.com/html/Finance/images/thumbs/img-05.jpg]
[exprostudio.com/html/Finance/images/thumbs/img-06.jpg]
[exprostudio.com/html/Finance/images/thumbs/img-07.jpg]
[exprostudio.com/html/Finance/images/thumbs/img-08.jpg]
[exprostudio.com/html/Finance/images/flogo.png]
[exprostudio.com/html/Finance/js/vendor/jquery-library.js]
[exprostudio.com/html/Finance/js/vendor/bootstrap.min.js]
[exprostudio.com/html/Finance/js/owl.carousel.min.js]
[exprostudio.com/html/Finance/js/jquery.svgInject.js]
[exprostudio.com/html/Finance/js/isotope.pkgd.js]
[exprostudio.com/html/Finance/js/chartsloader.js]
[exprostudio.com/html/Finance/js/prettyPhoto.js]
[exprostudio.com/html/Finance/js/parallax.js]
[exprostudio.com/html/Finance/js/countTo.js]
[exprostudio.com/html/Finance/js/appear.js]
[exprostudio.com/html/Finance/js/gmap3.js]
[exprostudio.com/html/Finance/js/main.js]
[exprostudio.com/html/Finance/index.html]
[exprostudio.com/html/Finance/fonts/glyphicons-halflings-regular.eot]
[exprostudio.com/html/Finance/fonts/glyphicons-halflings-regular.woff2]
[exprostudio.com/html/Finance/fonts/glyphicons-halflings-regulard41d.eot]
[exprostudio.com/html/Finance/fonts/glyphicons-halflings-regular.woff]
[exprostudio.com/html/Finance/fonts/glyphicons-halflings-regular.ttf]
[exprostudio.com/html/Finance/css/bootstrap.min.css]
[exprostudio.com/html/Finance/css/normalize.css]
[exprostudio.com/html/Finance/fonts/fontawesome-webfont914c.eot]
[exprostudio.com/html/Finance/fonts/fontawesome-webfontd41d.eot]
[exprostudio.com/html/Finance/fonts/fontawesome-webfont914c.woff2]
[exprostudio.com/html/Finance/fonts/fontawesome-webfont914c.woff]
[exprostudio.com/html/Finance/fonts/fontawesome-webfont914c.ttf]
[exprostudio.com/html/Finance/css/font-awesome.min.css]
[exprostudio.com/html/Finance/fonts/icomoonebc0.eot]
[exprostudio.com/html/Finance/fonts/icomoonebc0.ttf]
[exprostudio.com/html/Finance/fonts/icomoonebc0.woff]
[exprostudio.com/html/Finance/css/icomoon.css]
[exprostudio.com/html/Finance/css/transitions.css]
[exprostudio.com/html/Finance/css/grabbing.png]
[exprostudio.com/html/Finance/css/owl.carousel.css]
[exprostudio.com/html/Finance/images/prettyPhoto/default/sprite.png]
[exprostudio.com/html/Finance/images/prettyPhoto/default/sprite_x.png]
[exprostudio.com/html/Finance/images/prettyPhoto/default/sprite_y.png]
[exprostudio.com/html/Finance/images/prettyPhoto/default/sprite_next.png]
[exprostudio.com/html/Finance/images/prettyPhoto/default/sprite_prev.png]
[exprostudio.com/html/Finance/images/prettyPhoto/default/default_thumb.png]
[exprostudio.com/html/Finance/images/prettyPhoto/default/loader.gif]
[exprostudio.com/html/Finance/images/prettyPhoto/light_rounded/sprite.png]
[exprostudio.com/html/Finance/images/prettyPhoto/light_rounded/btnNext.png]
[exprostudio.com/html/Finance/images/prettyPhoto/light_rounded/btnPrevious.png]
[exprostudio.com/html/Finance/images/prettyPhoto/dark_rounded/sprite.png]
[exprostudio.com/html/Finance/images/prettyPhoto/dark_rounded/contentPattern.png]
[exprostudio.com/html/Finance/images/prettyPhoto/dark_rounded/btnNext.png]
[exprostudio.com/html/Finance/images/prettyPhoto/dark_rounded/btnPrevious.png]
[exprostudio.com/html/Finance/images/prettyPhoto/dark_rounded/loader.gif]
[exprostudio.com/html/Finance/images/prettyPhoto/dark_square/loader.gif]
[exprostudio.com/html/Finance/images/prettyPhoto/dark_square/sprite.png]
[exprostudio.com/html/Finance/images/prettyPhoto/dark_square/btnNext.png]
[exprostudio.com/html/Finance/images/prettyPhoto/dark_square/btnPrevious.png]
[exprostudio.com/html/Finance/images/prettyPhoto/light_square/sprite.png]
[exprostudio.com/html/Finance/images/prettyPhoto/light_square/btnNext.png]
[exprostudio.com/html/Finance/images/prettyPhoto/light_square/btnPrevious.png]
[exprostudio.com/html/Finance/images/prettyPhoto/facebook/sprite.png]
[exprostudio.com/html/Finance/images/prettyPhoto/facebook/contentPatternTop.png]
[exprostudio.com/html/Finance/images/prettyPhoto/facebook/contentPatternLeft.png]
[exprostudio.com/html/Finance/images/prettyPhoto/facebook/contentPatternRight.png]
[exprostudio.com/html/Finance/images/prettyPhoto/facebook/loader.gif]
[exprostudio.com/html/Finance/images/prettyPhoto/facebook/btnNext.png]
[exprostudio.com/html/Finance/images/prettyPhoto/facebook/btnPrevious.png]
[exprostudio.com/html/Finance/images/prettyPhoto/facebook/contentPatternBottom.png]
[exprostudio.com/html/Finance/images/prettyPhoto/facebook/default_thumbnail.gif]
[exprostudio.com/html/Finance/images/prettyPhoto/light_rounded/loader.gif]
[exprostudio.com/html/Finance/css/prettyPhoto.css]
[exprostudio.com/html/Finance/css/AjaxLoader.gif]
[exprostudio.com/html/Finance/css/owl.theme.css]
[exprostudio.com/html/Finance/images/bg-01.png]
[exprostudio.com/html/Finance/images/img-06.png]
[exprostudio.com/html/Finance/images/bgcommingsoon.jpg]
[exprostudio.com/html/Finance/css/main.css]
[exprostudio.com/html/Finance/css/color.css]
[exprostudio.com/html/Finance/css/responsive.css]
[exprostudio.com/html/Finance/index-v2.html]
[exprostudio.com/html/Finance/images/slider/img-02.jpg]
[exprostudio.com/html/Finance/images/slider/img-03.jpg]
[exprostudio.com/html/Finance/images/img-03.jpg]
[exprostudio.com/html/Finance/images/parallax/bgparallax-01.jpg]
[exprostudio.com/html/Finance/images/parallax/bgparallax-02.jpg]
[exprostudio.com/html/Finance/index-v3.html]
[exprostudio.com/html/Finance/images/whatwedo/img-01.jpg]
[exprostudio.com/html/Finance/images/whatwedo/img-02.jpg]
[exprostudio.com/html/Finance/images/whatwedo/img-03.jpg]
[exprostudio.com/html/Finance/aboutus.html]
[exprostudio.com/html/Finance/services.html]
[exprostudio.com/html/Finance/images/img-05.jpg]
[exprostudio.com/html/Finance/services-v2.html]
[exprostudio.com/html/Finance/images/projects/img-06.jpg]
[exprostudio.com/html/Finance/images/projects/img-07.jpg]
[exprostudio.com/html/Finance/images/projects/img-08.jpg]
[exprostudio.com/html/Finance/images/projects/img-09.jpg]
[exprostudio.com/html/Finance/images/projects/img-10.jpg]
[exprostudio.com/html/Finance/images/projects/img-11.jpg]
[exprostudio.com/html/Finance/images/projects/img-12.jpg]
[exprostudio.com/html/Finance/images/projects/img-13.jpg]
[exprostudio.com/html/Finance/images/projects/img-14.jpg]
[exprostudio.com/html/Finance/images/projects/img-15.jpg]
[exprostudio.com/html/Finance/images/projects/img-16.jpg]
[exprostudio.com/html/Finance/images/projects/img-17.jpg]
[exprostudio.com/html/Finance/images/projects/img-18.jpg]
[exprostudio.com/html/Finance/images/projects/img-19.jpg]
[exprostudio.com/html/Finance/images/projects/img-20.jpg]
[exprostudio.com/html/Finance/projects.html]
[exprostudio.com/html/Finance/images/projects/project-detail/img-01.jpg]
[exprostudio.com/html/Finance/images/projects/project-detail/img-02.jpg]
[exprostudio.com/html/Finance/images/projects/project-detail/img-03.jpg]
[exprostudio.com/html/Finance/project-detail.html]
[exprostudio.com/html/Finance/images/team/img-06.jpg]
[exprostudio.com/html/Finance/images/team/img-07.jpg]
[exprostudio.com/html/Finance/images/team/img-08.jpg]
[exprostudio.com/html/Finance/images/team/img-09.jpg]
[exprostudio.com/html/Finance/images/team/img-10.jpg]
[exprostudio.com/html/Finance/images/team/img-11.jpg]
[exprostudio.com/html/Finance/images/team/img-12.jpg]
[exprostudio.com/html/Finance/images/team/img-13.jpg]
[exprostudio.com/html/Finance/team.html]
[exprostudio.com/html/Finance/images/team/img-14.jpg]
[exprostudio.com/html/Finance/team-detail.html]
[exprostudio.com/html/Finance/images/gallery/img-01.jpg]
[exprostudio.com/html/Finance/images/gallery/img-02.jpg]
[exprostudio.com/html/Finance/images/gallery/img-03.jpg]
[exprostudio.com/html/Finance/images/gallery/img-04.jpg]
[exprostudio.com/html/Finance/gallery.html]
[exprostudio.com/html/Finance/images/news/img-01.jpg]
[exprostudio.com/html/Finance/images/news/img-02.jpg]
[exprostudio.com/html/Finance/images/news/img-03.jpg]
[exprostudio.com/html/Finance/images/news/img-04.jpg]
[exprostudio.com/html/Finance/images/news/img-05.jpg]
[exprostudio.com/html/Finance/images/news/img-06.jpg]
[exprostudio.com/html/Finance/news-list.html]
[exprostudio.com/html/Finance/images/news/img-07.jpg]
[exprostudio.com/html/Finance/images/news/img-08.jpg]
[exprostudio.com/html/Finance/images/news/img-09.jpg]
[exprostudio.com/html/Finance/news-grid.html]
[exprostudio.com/html/Finance/images/news/img-10.jpg]
[exprostudio.com/html/Finance/images/authors/img-01.jpg]
[exprostudio.com/html/Finance/images/authors/img-02.jpg]
[exprostudio.com/html/Finance/images/authors/img-03.jpg]
[exprostudio.com/html/Finance/news-detail.html]
[exprostudio.com/html/Finance/images/events/img-01.jpg]
[exprostudio.com/html/Finance/images/events/img-02.jpg]
[exprostudio.com/html/Finance/images/events/img-03.jpg]
[exprostudio.com/html/Finance/images/events/img-04.jpg]
[exprostudio.com/html/Finance/images/events/img-05.jpg]
[exprostudio.com/html/Finance/images/events/img-06.jpg]
[exprostudio.com/html/Finance/images/events/img-07.jpg]
[exprostudio.com/html/Finance/images/events/img-08.jpg]
[exprostudio.com/html/Finance/event-grid.html]
[exprostudio.com/html/Finance/images/events/img-10.jpg]
[exprostudio.com/html/Finance/images/img-04.jpg]
[exprostudio.com/html/Finance/event-detail.html]
[exprostudio.com/html/Finance/contactus.html]
[exprostudio.com/html/Finance/carrers.html]
[exprostudio.com/html/Finance/404.html]
[exprostudio.com/html/Finance/images/logo2.png]
[exprostudio.com/html/Finance/js/final-countdown.js]
[exprostudio.com/html/Finance/js/kinetic.js]
[exprostudio.com/html/Finance/commingsoon.html]
[exprostudio.com/html/Finance/images/img-01.svg]
[exprostudio.com/html/Finance/fonts/glyphicons-halflings-regular.svg]
[exprostudio.com/html/Finance/fonts/fontawesome-webfont914c.svg]
[exprostudio.com/html/Finance/fonts/icomoonebc0.svg]
[exprostudio.com/html/Finance/css/grabbing.html]
[exprostudio.com/html/Finance/css/AjaxLoader.html]
[exprostudio.com/html/Finance/images/404.svg]
[exprostudio.com/html/Finance/images/events/img-09.jpg]
